// Vitest Snapshot v1, https://vitest.dev/guide/snapshot.html

exports[`utils > getAllFiles 1`] = `
[
  ".gitkeep",
  "dir/.gitkeep",
  "dir/subdir/.gitkeep",
]
`;
